mode: set
github.com/Madhavkannank/fafa/src/add_sub.go:5.36,6.33 1 1
github.com/Madhavkannank/fafa/src/add_sub.go:6.33,8.3 1 1
github.com/Madhavkannank/fafa/src/add_sub.go:9.2,11.15 3 1
github.com/Madhavkannank/fafa/src/add_sub.go:16.32,17.14 1 1
github.com/Madhavkannank/fafa/src/add_sub.go:17.14,19.3 1 0
github.com/Madhavkannank/fafa/src/add_sub.go:20.2,20.14 1 1
github.com/Madhavkannank/fafa/src/add_sub.go:20.14,22.3 1 0
github.com/Madhavkannank/fafa/src/add_sub.go:23.2,24.22 2 1
github.com/Madhavkannank/fafa/src/add_sub.go:24.22,28.3 1 1
github.com/Madhavkannank/fafa/src/add_sub.go:31.2,31.32 1 1
github.com/Madhavkannank/fafa/src/add_sub.go:31.32,33.3 1 1
github.com/Madhavkannank/fafa/src/add_sub.go:34.2,34.33 1 1
github.com/Madhavkannank/fafa/src/add_sub.go:39.37,40.14 1 1
github.com/Madhavkannank/fafa/src/add_sub.go:40.14,42.3 1 0
github.com/Madhavkannank/fafa/src/add_sub.go:43.2,43.14 1 1
github.com/Madhavkannank/fafa/src/add_sub.go:43.14,45.3 1 0
github.com/Madhavkannank/fafa/src/add_sub.go:46.2,47.22 2 1
github.com/Madhavkannank/fafa/src/add_sub.go:47.22,51.3 1 1
github.com/Madhavkannank/fafa/src/add_sub.go:54.2,54.32 1 1
github.com/Madhavkannank/fafa/src/add_sub.go:54.32,56.3 1 1
github.com/Madhavkannank/fafa/src/add_sub.go:57.2,57.33 1 1
github.com/Madhavkannank/fafa/src/add_sub.go:62.57,63.29 1 1
github.com/Madhavkannank/fafa/src/add_sub.go:63.29,65.3 1 1
github.com/Madhavkannank/fafa/src/add_sub.go:66.2,66.21 1 1
github.com/Madhavkannank/fafa/src/add_sub.go:66.21,68.3 1 0
github.com/Madhavkannank/fafa/src/add_sub.go:69.2,69.21 1 1
github.com/Madhavkannank/fafa/src/add_sub.go:69.21,70.29 1 0
github.com/Madhavkannank/fafa/src/add_sub.go:70.29,72.4 1 0
github.com/Madhavkannank/fafa/src/add_sub.go:73.3,73.23 1 0
github.com/Madhavkannank/fafa/src/add_sub.go:75.2,76.70 2 1
github.com/Madhavkannank/fafa/src/add_sub.go:76.70,78.3 1 1
github.com/Madhavkannank/fafa/src/add_sub.go:79.2,82.28 4 1
github.com/Madhavkannank/fafa/src/add_sub.go:82.28,86.3 3 1
github.com/Madhavkannank/fafa/src/add_sub.go:87.2,87.28 1 1
github.com/Madhavkannank/fafa/src/add_sub.go:87.28,91.3 3 1
github.com/Madhavkannank/fafa/src/add_sub.go:92.2,92.25 1 1
github.com/Madhavkannank/fafa/src/add_sub.go:92.25,94.3 1 1
github.com/Madhavkannank/fafa/src/add_sub.go:95.2,95.22 1 1
github.com/Madhavkannank/fafa/src/add_sub.go:100.57,101.21 1 1
github.com/Madhavkannank/fafa/src/add_sub.go:101.21,103.3 1 0
github.com/Madhavkannank/fafa/src/add_sub.go:104.2,104.21 1 1
github.com/Madhavkannank/fafa/src/add_sub.go:104.21,105.29 1 0
github.com/Madhavkannank/fafa/src/add_sub.go:105.29,107.4 1 0
github.com/Madhavkannank/fafa/src/add_sub.go:108.3,108.23 1 0
github.com/Madhavkannank/fafa/src/add_sub.go:110.2,113.28 4 1
github.com/Madhavkannank/fafa/src/add_sub.go:113.28,117.3 3 1
github.com/Madhavkannank/fafa/src/add_sub.go:118.2,118.28 1 1
github.com/Madhavkannank/fafa/src/add_sub.go:118.28,122.3 3 1
github.com/Madhavkannank/fafa/src/add_sub.go:123.2,123.22 1 1
github.com/Madhavkannank/fafa/src/add_sub.go:128.57,132.35 4 1
github.com/Madhavkannank/fafa/src/add_sub.go:132.35,136.3 3 1
github.com/Madhavkannank/fafa/src/add_sub.go:137.2,137.16 1 1
github.com/Madhavkannank/fafa/src/add_sub.go:137.16,140.36 2 1
github.com/Madhavkannank/fafa/src/add_sub.go:140.36,142.4 1 1
github.com/Madhavkannank/fafa/src/add_sub.go:143.3,144.25 2 1
github.com/Madhavkannank/fafa/src/add_sub.go:146.2,146.22 1 1
github.com/Madhavkannank/fafa/src/add_sub.go:151.40,153.17 2 1
github.com/Madhavkannank/fafa/src/add_sub.go:153.17,155.3 1 0
github.com/Madhavkannank/fafa/src/add_sub.go:156.2,158.30 3 1
github.com/Madhavkannank/fafa/src/add_sub.go:158.30,162.3 3 1
github.com/Madhavkannank/fafa/src/add_sub.go:163.2,163.22 1 1
github.com/Madhavkannank/fafa/src/add_sub.go:167.31,168.21 1 1
github.com/Madhavkannank/fafa/src/add_sub.go:168.21,170.3 1 0
github.com/Madhavkannank/fafa/src/add_sub.go:171.2,171.39 1 1
github.com/Madhavkannank/fafa/src/bigint.go:21.21,23.2 1 1
github.com/Madhavkannank/fafa/src/bigint.go:26.47,27.17 1 1
github.com/Madhavkannank/fafa/src/bigint.go:27.17,29.3 1 1
github.com/Madhavkannank/fafa/src/bigint.go:30.2,30.60 1 1
github.com/Madhavkannank/fafa/src/bigint.go:34.48,36.16 2 1
github.com/Madhavkannank/fafa/src/bigint.go:36.16,38.3 1 0
github.com/Madhavkannank/fafa/src/bigint.go:39.2,39.53 1 1
github.com/Madhavkannank/fafa/src/bigint.go:43.30,44.14 1 1
github.com/Madhavkannank/fafa/src/bigint.go:44.14,46.3 1 0
github.com/Madhavkannank/fafa/src/bigint.go:47.2,47.15 1 1
github.com/Madhavkannank/fafa/src/bigint.go:51.37,52.14 1 1
github.com/Madhavkannank/fafa/src/bigint.go:52.14,54.3 1 1
github.com/Madhavkannank/fafa/src/bigint.go:58.31,59.14 1 1
github.com/Madhavkannank/fafa/src/bigint.go:59.14,61.3 1 0
github.com/Madhavkannank/fafa/src/bigint.go:62.2,62.22 1 1
github.com/Madhavkannank/fafa/src/bigint.go:66.38,67.33 1 1
github.com/Madhavkannank/fafa/src/bigint.go:67.33,69.3 1 0
github.com/Madhavkannank/fafa/src/bigint.go:70.2,70.33 1 1
github.com/Madhavkannank/fafa/src/bigint.go:74.46,76.2 1 1
github.com/Madhavkannank/fafa/src/bigint.go:79.48,80.11 1 1
github.com/Madhavkannank/fafa/src/bigint.go:80.11,82.3 1 0
github.com/Madhavkannank/fafa/src/bigint.go:83.2,83.25 1 1
github.com/Madhavkannank/fafa/src/bigint.go:83.25,85.3 1 1
github.com/Madhavkannank/fafa/src/bigint.go:86.2,86.34 1 1
github.com/Madhavkannank/fafa/src/bigint.go:90.33,91.14 1 1
github.com/Madhavkannank/fafa/src/bigint.go:91.14,93.3 1 0
github.com/Madhavkannank/fafa/src/bigint.go:94.2,95.57 2 1
github.com/Madhavkannank/fafa/src/bigint.go:95.57,97.3 1 1
github.com/Madhavkannank/fafa/src/bigint.go:98.2,98.17 1 1
github.com/Madhavkannank/fafa/src/bigint.go:98.17,101.3 2 1
github.com/Madhavkannank/fafa/src/bigint.go:101.8,101.35 1 1
github.com/Madhavkannank/fafa/src/bigint.go:101.35,103.3 1 1
github.com/Madhavkannank/fafa/src/bigint.go:104.2,104.10 1 1
github.com/Madhavkannank/fafa/src/bigint.go:108.33,109.14 1 1
github.com/Madhavkannank/fafa/src/bigint.go:109.14,111.3 1 0
github.com/Madhavkannank/fafa/src/bigint.go:112.2,114.41 3 1
github.com/Madhavkannank/fafa/src/bigint.go:118.26,120.12 2 1
github.com/Madhavkannank/fafa/src/bigint.go:120.12,122.3 1 0
github.com/Madhavkannank/fafa/src/bigint.go:123.2,123.35 1 1
github.com/Madhavkannank/fafa/src/bitwise.go:5.48,9.23 4 1
github.com/Madhavkannank/fafa/src/bitwise.go:9.23,12.3 2 1
github.com/Madhavkannank/fafa/src/bitwise.go:13.2,14.19 2 1
github.com/Madhavkannank/fafa/src/bitwise.go:14.19,16.3 1 1
github.com/Madhavkannank/fafa/src/bitwise.go:16.8,18.3 1 1
github.com/Madhavkannank/fafa/src/bitwise.go:19.2,20.26 2 1
github.com/Madhavkannank/fafa/src/bitwise.go:20.26,22.3 1 1
github.com/Madhavkannank/fafa/src/bitwise.go:23.2,23.30 1 1
github.com/Madhavkannank/fafa/src/bitwise.go:23.30,25.3 1 1
github.com/Madhavkannank/fafa/src/bitwise.go:26.2,26.15 1 1
github.com/Madhavkannank/fafa/src/bitwise.go:31.51,35.23 4 1
github.com/Madhavkannank/fafa/src/bitwise.go:35.23,37.3 1 1
github.com/Madhavkannank/fafa/src/bitwise.go:38.2,39.19 2 1
github.com/Madhavkannank/fafa/src/bitwise.go:39.19,41.3 1 1
github.com/Madhavkannank/fafa/src/bitwise.go:41.8,43.3 1 1
github.com/Madhavkannank/fafa/src/bitwise.go:44.2,45.26 2 1
github.com/Madhavkannank/fafa/src/bitwise.go:45.26,47.3 1 1
github.com/Madhavkannank/fafa/src/bitwise.go:48.2,48.25 1 1
github.com/Madhavkannank/fafa/src/bitwise.go:48.25,50.3 1 1
github.com/Madhavkannank/fafa/src/bitwise.go:51.2,51.30 1 1
github.com/Madhavkannank/fafa/src/bitwise.go:51.30,53.3 1 0
github.com/Madhavkannank/fafa/src/bitwise.go:54.2,54.15 1 1
github.com/Madhavkannank/fafa/src/bitwise.go:59.47,63.23 4 1
github.com/Madhavkannank/fafa/src/bitwise.go:63.23,67.3 3 1
github.com/Madhavkannank/fafa/src/bitwise.go:68.2,69.19 2 1
github.com/Madhavkannank/fafa/src/bitwise.go:69.19,71.3 1 1
github.com/Madhavkannank/fafa/src/bitwise.go:71.8,73.3 1 1
github.com/Madhavkannank/fafa/src/bitwise.go:74.2,75.26 2 1
github.com/Madhavkannank/fafa/src/bitwise.go:75.26,77.3 1 1
github.com/Madhavkannank/fafa/src/bitwise.go:78.2,78.25 1 1
github.com/Madhavkannank/fafa/src/bitwise.go:78.25,80.3 1 1
github.com/Madhavkannank/fafa/src/bitwise.go:81.2,81.30 1 1
github.com/Madhavkannank/fafa/src/bitwise.go:81.30,83.3 1 0
github.com/Madhavkannank/fafa/src/bitwise.go:84.2,84.15 1 1
github.com/Madhavkannank/fafa/src/bitwise.go:89.48,93.23 4 1
github.com/Madhavkannank/fafa/src/bitwise.go:93.23,96.3 2 0
github.com/Madhavkannank/fafa/src/bitwise.go:97.2,98.19 2 1
github.com/Madhavkannank/fafa/src/bitwise.go:98.19,100.3 1 1
github.com/Madhavkannank/fafa/src/bitwise.go:100.8,102.3 1 1
github.com/Madhavkannank/fafa/src/bitwise.go:103.2,104.26 2 1
github.com/Madhavkannank/fafa/src/bitwise.go:104.26,106.3 1 1
github.com/Madhavkannank/fafa/src/bitwise.go:107.2,107.25 1 1
github.com/Madhavkannank/fafa/src/bitwise.go:107.25,109.3 1 1
github.com/Madhavkannank/fafa/src/bitwise.go:110.2,110.30 1 1
github.com/Madhavkannank/fafa/src/bitwise.go:110.30,112.3 1 0
github.com/Madhavkannank/fafa/src/bitwise.go:113.2,113.15 1 1
github.com/Madhavkannank/fafa/src/bitwise.go:118.36,119.14 1 1
github.com/Madhavkannank/fafa/src/bitwise.go:119.14,121.3 1 0
github.com/Madhavkannank/fafa/src/bitwise.go:122.2,122.14 1 1
github.com/Madhavkannank/fafa/src/bitwise.go:122.14,125.3 1 1
github.com/Madhavkannank/fafa/src/bitwise.go:127.2,127.32 1 1
github.com/Madhavkannank/fafa/src/bitwise.go:132.39,133.14 1 1
github.com/Madhavkannank/fafa/src/bitwise.go:133.14,135.3 1 0
github.com/Madhavkannank/fafa/src/bitwise.go:136.2,136.14 1 1
github.com/Madhavkannank/fafa/src/bitwise.go:136.14,138.3 1 0
github.com/Madhavkannank/fafa/src/bitwise.go:139.2,139.28 1 1
github.com/Madhavkannank/fafa/src/bitwise.go:139.28,141.3 1 1
github.com/Madhavkannank/fafa/src/bitwise.go:141.8,141.33 1 1
github.com/Madhavkannank/fafa/src/bitwise.go:141.33,146.37 3 1
github.com/Madhavkannank/fafa/src/bitwise.go:146.37,148.41 2 1
github.com/Madhavkannank/fafa/src/bitwise.go:148.41,150.5 1 1
github.com/Madhavkannank/fafa/src/bitwise.go:151.4,151.24 1 1
github.com/Madhavkannank/fafa/src/bitwise.go:153.3,155.45 3 1
github.com/Madhavkannank/fafa/src/bitwise.go:158.2,158.14 1 1
github.com/Madhavkannank/fafa/src/bitwise.go:158.14,160.3 1 1
github.com/Madhavkannank/fafa/src/bitwise.go:162.2,162.57 1 1
github.com/Madhavkannank/fafa/src/bitwise.go:167.38,168.14 1 1
github.com/Madhavkannank/fafa/src/bitwise.go:168.14,170.3 1 0
github.com/Madhavkannank/fafa/src/bitwise.go:171.2,171.14 1 1
github.com/Madhavkannank/fafa/src/bitwise.go:171.14,173.3 1 0
github.com/Madhavkannank/fafa/src/bitwise.go:174.2,175.28 2 1
github.com/Madhavkannank/fafa/src/bitwise.go:175.28,177.3 1 1
github.com/Madhavkannank/fafa/src/bitwise.go:177.8,177.33 1 1
github.com/Madhavkannank/fafa/src/bitwise.go:177.33,181.37 2 1
github.com/Madhavkannank/fafa/src/bitwise.go:181.37,183.41 2 1
github.com/Madhavkannank/fafa/src/bitwise.go:183.41,185.5 1 0
github.com/Madhavkannank/fafa/src/bitwise.go:186.4,186.24 1 1
github.com/Madhavkannank/fafa/src/bitwise.go:188.3,190.45 3 1
github.com/Madhavkannank/fafa/src/bitwise.go:193.2,193.14 1 1
github.com/Madhavkannank/fafa/src/bitwise.go:193.14,195.3 1 1
github.com/Madhavkannank/fafa/src/bitwise.go:197.2,198.36 2 1
github.com/Madhavkannank/fafa/src/bitwise.go:198.36,200.40 2 0
github.com/Madhavkannank/fafa/src/bitwise.go:200.40,202.4 1 0
github.com/Madhavkannank/fafa/src/bitwise.go:203.3,203.23 1 0
github.com/Madhavkannank/fafa/src/bitwise.go:205.2,206.44 2 1
github.com/Madhavkannank/fafa/src/bitwise.go:211.39,212.14 1 1
github.com/Madhavkannank/fafa/src/bitwise.go:212.14,214.3 1 0
github.com/Madhavkannank/fafa/src/bitwise.go:215.2,215.14 1 1
github.com/Madhavkannank/fafa/src/bitwise.go:215.14,217.3 1 0
github.com/Madhavkannank/fafa/src/bitwise.go:218.2,218.28 1 1
github.com/Madhavkannank/fafa/src/bitwise.go:218.28,220.3 1 1
github.com/Madhavkannank/fafa/src/bitwise.go:220.8,220.33 1 1
github.com/Madhavkannank/fafa/src/bitwise.go:220.33,224.37 3 1
github.com/Madhavkannank/fafa/src/bitwise.go:224.37,226.41 2 1
github.com/Madhavkannank/fafa/src/bitwise.go:226.41,228.5 1 0
github.com/Madhavkannank/fafa/src/bitwise.go:229.4,229.24 1 1
github.com/Madhavkannank/fafa/src/bitwise.go:231.3,232.48 2 1
github.com/Madhavkannank/fafa/src/bitwise.go:234.2,236.14 2 1
github.com/Madhavkannank/fafa/src/bitwise.go:236.14,238.3 1 1
github.com/Madhavkannank/fafa/src/bitwise.go:240.2,241.36 2 1
github.com/Madhavkannank/fafa/src/bitwise.go:241.36,243.40 2 1
github.com/Madhavkannank/fafa/src/bitwise.go:243.40,245.4 1 1
github.com/Madhavkannank/fafa/src/bitwise.go:246.3,246.23 1 1
github.com/Madhavkannank/fafa/src/bitwise.go:248.2,249.44 2 1
github.com/Madhavkannank/fafa/src/bitwise.go:252.27,253.11 1 1
github.com/Madhavkannank/fafa/src/bitwise.go:253.11,255.3 1 1
github.com/Madhavkannank/fafa/src/bitwise.go:256.2,256.10 1 1
github.com/Madhavkannank/fafa/src/comparison.go:12.32,13.14 1 1
github.com/Madhavkannank/fafa/src/comparison.go:13.14,15.3 1 0
github.com/Madhavkannank/fafa/src/comparison.go:16.2,16.14 1 1
github.com/Madhavkannank/fafa/src/comparison.go:16.14,18.3 1 0
github.com/Madhavkannank/fafa/src/comparison.go:19.2,21.20 3 1
github.com/Madhavkannank/fafa/src/comparison.go:21.20,22.12 1 1
github.com/Madhavkannank/fafa/src/comparison.go:22.12,24.4 1 1
github.com/Madhavkannank/fafa/src/comparison.go:25.3,25.11 1 1
github.com/Madhavkannank/fafa/src/comparison.go:27.2,28.19 2 1
github.com/Madhavkannank/fafa/src/comparison.go:28.19,29.12 1 1
github.com/Madhavkannank/fafa/src/comparison.go:29.12,31.4 1 1
github.com/Madhavkannank/fafa/src/comparison.go:32.3,32.11 1 1
github.com/Madhavkannank/fafa/src/comparison.go:34.2,34.19 1 1
github.com/Madhavkannank/fafa/src/comparison.go:34.19,35.12 1 1
github.com/Madhavkannank/fafa/src/comparison.go:35.12,37.4 1 1
github.com/Madhavkannank/fafa/src/comparison.go:38.3,38.12 1 1
github.com/Madhavkannank/fafa/src/comparison.go:40.2,40.10 1 1
github.com/Madhavkannank/fafa/src/comparison.go:44.31,45.14 1 1
github.com/Madhavkannank/fafa/src/comparison.go:45.14,47.3 1 0
github.com/Madhavkannank/fafa/src/comparison.go:48.2,48.14 1 1
github.com/Madhavkannank/fafa/src/comparison.go:48.14,50.3 1 0
github.com/Madhavkannank/fafa/src/comparison.go:51.2,51.26 1 1
github.com/Madhavkannank/fafa/src/comparison.go:51.26,53.3 1 1
github.com/Madhavkannank/fafa/src/comparison.go:54.2,54.30 1 1
github.com/Madhavkannank/fafa/src/comparison.go:54.30,56.3 1 1
github.com/Madhavkannank/fafa/src/comparison.go:57.2,57.34 1 1
github.com/Madhavkannank/fafa/src/comparison.go:57.34,58.31 1 1
github.com/Madhavkannank/fafa/src/comparison.go:58.31,60.4 1 1
github.com/Madhavkannank/fafa/src/comparison.go:62.2,62.13 1 1
github.com/Madhavkannank/fafa/src/comparison.go:66.34,68.2 1 1
github.com/Madhavkannank/fafa/src/comparison.go:71.34,73.2 1 1
github.com/Madhavkannank/fafa/src/comparison.go:76.41,78.2 1 1
github.com/Madhavkannank/fafa/src/comparison.go:81.37,83.2 1 1
github.com/Madhavkannank/fafa/src/comparison.go:86.44,88.2 1 1
github.com/Madhavkannank/fafa/src/comparison.go:91.40,93.15 2 1
github.com/Madhavkannank/fafa/src/comparison.go:93.15,95.3 1 1
github.com/Madhavkannank/fafa/src/comparison.go:96.2,96.39 1 1
github.com/Madhavkannank/fafa/src/comparison.go:96.39,99.14 3 1
github.com/Madhavkannank/fafa/src/comparison.go:99.14,101.4 1 1
github.com/Madhavkannank/fafa/src/comparison.go:102.3,102.14 1 1
github.com/Madhavkannank/fafa/src/comparison.go:102.14,104.4 1 1
github.com/Madhavkannank/fafa/src/comparison.go:106.2,106.10 1 1
github.com/Madhavkannank/fafa/src/comparison.go:112.67,113.14 1 1
github.com/Madhavkannank/fafa/src/comparison.go:113.14,115.3 1 0
github.com/Madhavkannank/fafa/src/comparison.go:116.2,116.19 1 1
github.com/Madhavkannank/fafa/src/comparison.go:116.19,118.3 1 1
github.com/Madhavkannank/fafa/src/comparison.go:119.2,119.22 1 1
github.com/Madhavkannank/fafa/src/comparison.go:119.22,121.3 1 1
github.com/Madhavkannank/fafa/src/comparison.go:122.2,122.23 1 1
github.com/Madhavkannank/fafa/src/comparison.go:122.23,124.3 1 1
github.com/Madhavkannank/fafa/src/comparison.go:125.2,127.20 3 1
github.com/Madhavkannank/fafa/src/comparison.go:127.20,128.12 1 1
github.com/Madhavkannank/fafa/src/comparison.go:128.12,130.4 1 1
github.com/Madhavkannank/fafa/src/comparison.go:131.3,131.18 1 1
github.com/Madhavkannank/fafa/src/comparison.go:133.2,133.12 1 1
github.com/Madhavkannank/fafa/src/comparison.go:133.12,134.22 1 1
github.com/Madhavkannank/fafa/src/comparison.go:134.22,136.4 1 1
github.com/Madhavkannank/fafa/src/comparison.go:137.3,137.12 1 0
github.com/Madhavkannank/fafa/src/comparison.go:137.12,139.4 1 0
github.com/Madhavkannank/fafa/src/comparison.go:140.3,140.18 1 0
github.com/Madhavkannank/fafa/src/comparison.go:142.2,142.21 1 1
github.com/Madhavkannank/fafa/src/comparison.go:142.21,143.12 1 1
github.com/Madhavkannank/fafa/src/comparison.go:143.12,145.4 1 0
github.com/Madhavkannank/fafa/src/comparison.go:146.3,146.19 1 1
github.com/Madhavkannank/fafa/src/comparison.go:149.2,153.18 4 1
github.com/Madhavkannank/fafa/src/comparison.go:153.18,154.12 1 1
github.com/Madhavkannank/fafa/src/comparison.go:154.12,156.4 1 1
github.com/Madhavkannank/fafa/src/comparison.go:157.3,157.18 1 1
github.com/Madhavkannank/fafa/src/comparison.go:160.2,166.29 6 1
github.com/Madhavkannank/fafa/src/comparison.go:166.29,167.12 1 1
github.com/Madhavkannank/fafa/src/comparison.go:167.12,169.4 1 1
github.com/Madhavkannank/fafa/src/comparison.go:170.3,170.19 1 1
github.com/Madhavkannank/fafa/src/comparison.go:172.2,172.29 1 1
github.com/Madhavkannank/fafa/src/comparison.go:172.29,173.12 1 1
github.com/Madhavkannank/fafa/src/comparison.go:173.12,175.4 1 1
github.com/Madhavkannank/fafa/src/comparison.go:176.3,176.18 1 1
github.com/Madhavkannank/fafa/src/comparison.go:180.2,190.37 8 1
github.com/Madhavkannank/fafa/src/comparison.go:190.37,196.3 5 1
github.com/Madhavkannank/fafa/src/comparison.go:196.8,196.45 1 1
github.com/Madhavkannank/fafa/src/comparison.go:196.45,201.3 4 0
github.com/Madhavkannank/fafa/src/comparison.go:201.8,207.3 5 1
github.com/Madhavkannank/fafa/src/comparison.go:209.2,209.28 1 1
github.com/Madhavkannank/fafa/src/comparison.go:209.28,210.12 1 1
github.com/Madhavkannank/fafa/src/comparison.go:210.12,212.4 1 0
github.com/Madhavkannank/fafa/src/comparison.go:213.3,213.18 1 1
github.com/Madhavkannank/fafa/src/comparison.go:215.2,215.28 1 1
github.com/Madhavkannank/fafa/src/comparison.go:215.28,216.12 1 1
github.com/Madhavkannank/fafa/src/comparison.go:216.12,218.4 1 1
github.com/Madhavkannank/fafa/src/comparison.go:219.3,219.19 1 0
github.com/Madhavkannank/fafa/src/comparison.go:222.2,222.63 1 1
github.com/Madhavkannank/fafa/src/comparison.go:222.63,223.32 1 1
github.com/Madhavkannank/fafa/src/comparison.go:223.32,228.4 4 1
github.com/Madhavkannank/fafa/src/comparison.go:228.9,230.4 1 0
github.com/Madhavkannank/fafa/src/comparison.go:231.3,232.30 2 1
github.com/Madhavkannank/fafa/src/comparison.go:232.30,233.13 1 1
github.com/Madhavkannank/fafa/src/comparison.go:233.13,235.5 1 0
github.com/Madhavkannank/fafa/src/comparison.go:236.4,236.19 1 1
github.com/Madhavkannank/fafa/src/comparison.go:238.3,238.30 1 1
github.com/Madhavkannank/fafa/src/comparison.go:238.30,239.13 1 0
github.com/Madhavkannank/fafa/src/comparison.go:239.13,241.5 1 0
github.com/Madhavkannank/fafa/src/comparison.go:242.4,242.20 1 0
github.com/Madhavkannank/fafa/src/comparison.go:246.2,246.43 1 1
github.com/Madhavkannank/fafa/src/comparison.go:246.43,247.12 1 1
github.com/Madhavkannank/fafa/src/comparison.go:247.12,249.4 1 0
github.com/Madhavkannank/fafa/src/comparison.go:250.3,250.19 1 1
github.com/Madhavkannank/fafa/src/comparison.go:253.2,253.17 1 1
github.com/Madhavkannank/fafa/src/comparison.go:259.48,262.2 2 1
github.com/Madhavkannank/fafa/src/comparison.go:265.51,267.2 1 1
github.com/Madhavkannank/fafa/src/comparison.go:270.49,273.2 2 1
github.com/Madhavkannank/fafa/src/comparison.go:276.56,279.2 2 1
github.com/Madhavkannank/fafa/src/comparison.go:282.52,285.2 2 1
github.com/Madhavkannank/fafa/src/comparison.go:288.59,291.2 2 1
github.com/Madhavkannank/fafa/src/comparison.go:294.45,296.2 1 0
github.com/Madhavkannank/fafa/src/comparison.go:301.32,304.32 3 1
github.com/Madhavkannank/fafa/src/comparison.go:304.32,306.3 1 0
github.com/Madhavkannank/fafa/src/comparison.go:307.2,307.46 1 1
github.com/Madhavkannank/fafa/src/comparison.go:307.46,309.3 1 0
github.com/Madhavkannank/fafa/src/comparison.go:310.2,310.46 1 1
github.com/Madhavkannank/fafa/src/comparison.go:310.46,312.3 1 1
github.com/Madhavkannank/fafa/src/comparison.go:313.2,313.14 1 0
github.com/Madhavkannank/fafa/src/comparison.go:317.32,319.2 1 1
github.com/Madhavkannank/fafa/src/comparison.go:322.32,325.32 3 1
github.com/Madhavkannank/fafa/src/comparison.go:325.32,327.3 1 0
github.com/Madhavkannank/fafa/src/comparison.go:328.2,328.46 1 1
github.com/Madhavkannank/fafa/src/comparison.go:328.46,330.3 1 0
github.com/Madhavkannank/fafa/src/comparison.go:331.2,331.46 1 1
github.com/Madhavkannank/fafa/src/comparison.go:331.46,333.3 1 1
github.com/Madhavkannank/fafa/src/comparison.go:334.2,334.14 1 0
github.com/Madhavkannank/fafa/src/comparison.go:338.32,341.32 3 1
github.com/Madhavkannank/fafa/src/comparison.go:341.32,343.3 1 0
github.com/Madhavkannank/fafa/src/comparison.go:344.2,344.46 1 1
github.com/Madhavkannank/fafa/src/comparison.go:344.46,346.3 1 0
github.com/Madhavkannank/fafa/src/comparison.go:347.2,347.46 1 1
github.com/Madhavkannank/fafa/src/comparison.go:347.46,349.3 1 1
github.com/Madhavkannank/fafa/src/comparison.go:350.2,350.14 1 0
github.com/Madhavkannank/fafa/src/comparison.go:354.32,357.32 3 1
github.com/Madhavkannank/fafa/src/comparison.go:357.32,359.3 1 0
github.com/Madhavkannank/fafa/src/comparison.go:360.2,360.46 1 1
github.com/Madhavkannank/fafa/src/comparison.go:360.46,362.3 1 0
github.com/Madhavkannank/fafa/src/comparison.go:363.2,363.46 1 1
github.com/Madhavkannank/fafa/src/comparison.go:363.46,365.3 1 1
github.com/Madhavkannank/fafa/src/comparison.go:366.2,366.14 1 0
github.com/Madhavkannank/fafa/src/comparison.go:370.32,373.32 3 1
github.com/Madhavkannank/fafa/src/comparison.go:373.32,375.3 1 0
github.com/Madhavkannank/fafa/src/comparison.go:376.2,376.46 1 1
github.com/Madhavkannank/fafa/src/comparison.go:376.46,378.3 1 0
github.com/Madhavkannank/fafa/src/comparison.go:379.2,379.46 1 1
github.com/Madhavkannank/fafa/src/comparison.go:379.46,381.3 1 1
github.com/Madhavkannank/fafa/src/comparison.go:382.2,382.14 1 0
github.com/Madhavkannank/fafa/src/constructors.go:8.50,9.25 1 1
github.com/Madhavkannank/fafa/src/constructors.go:10.11,11.34 1 1
github.com/Madhavkannank/fafa/src/constructors.go:12.13,13.27 1 1
github.com/Madhavkannank/fafa/src/constructors.go:14.13,15.34 1 0
github.com/Madhavkannank/fafa/src/constructors.go:16.12,17.36 1 0
github.com/Madhavkannank/fafa/src/constructors.go:18.14,19.28 1 0
github.com/Madhavkannank/fafa/src/constructors.go:20.14,21.36 1 0
github.com/Madhavkannank/fafa/src/constructors.go:22.15,23.24 1 1
github.com/Madhavkannank/fafa/src/constructors.go:24.15,25.33 1 0
github.com/Madhavkannank/fafa/src/constructors.go:26.14,27.26 1 1
github.com/Madhavkannank/fafa/src/constructors.go:28.12,29.26 1 0
github.com/Madhavkannank/fafa/src/constructors.go:30.15,31.15 1 1
github.com/Madhavkannank/fafa/src/constructors.go:31.15,33.4 1 0
github.com/Madhavkannank/fafa/src/constructors.go:34.3,34.23 1 1
github.com/Madhavkannank/fafa/src/constructors.go:35.10,36.22 1 1
github.com/Madhavkannank/fafa/src/constructors.go:41.33,42.12 1 1
github.com/Madhavkannank/fafa/src/constructors.go:42.12,44.3 1 1
github.com/Madhavkannank/fafa/src/constructors.go:45.2,47.10 3 1
github.com/Madhavkannank/fafa/src/constructors.go:47.10,49.3 1 1
github.com/Madhavkannank/fafa/src/constructors.go:49.8,51.3 1 1
github.com/Madhavkannank/fafa/src/constructors.go:52.2,52.36 1 1
github.com/Madhavkannank/fafa/src/constructors.go:56.35,57.12 1 1
github.com/Madhavkannank/fafa/src/constructors.go:57.12,59.3 1 1
github.com/Madhavkannank/fafa/src/constructors.go:60.2,60.37 1 1
github.com/Madhavkannank/fafa/src/constructors.go:63.54,64.21 1 1
github.com/Madhavkannank/fafa/src/constructors.go:64.21,66.3 1 1
github.com/Madhavkannank/fafa/src/constructors.go:67.2,70.19 4 1
github.com/Madhavkannank/fafa/src/constructors.go:70.19,72.3 1 1
github.com/Madhavkannank/fafa/src/constructors.go:73.2,73.19 1 1
github.com/Madhavkannank/fafa/src/constructors.go:77.31,78.7 1 1
github.com/Madhavkannank/fafa/src/constructors.go:78.7,80.3 1 1
github.com/Madhavkannank/fafa/src/constructors.go:81.2,81.15 1 1
github.com/Madhavkannank/fafa/src/constructors.go:85.50,86.16 1 1
github.com/Madhavkannank/fafa/src/constructors.go:86.16,88.3 1 1
github.com/Madhavkannank/fafa/src/constructors.go:89.2,89.77 1 1
github.com/Madhavkannank/fafa/src/constructors.go:89.77,91.3 1 1
github.com/Madhavkannank/fafa/src/constructors.go:92.2,96.18 5 1
github.com/Madhavkannank/fafa/src/constructors.go:96.18,98.3 1 0
github.com/Madhavkannank/fafa/src/constructors.go:99.2,114.37 10 1
github.com/Madhavkannank/fafa/src/constructors.go:114.37,120.3 5 1
github.com/Madhavkannank/fafa/src/constructors.go:120.8,120.45 1 0
github.com/Madhavkannank/fafa/src/constructors.go:120.45,125.3 4 0
github.com/Madhavkannank/fafa/src/constructors.go:125.8,131.3 5 0
github.com/Madhavkannank/fafa/src/constructors.go:133.2,135.68 2 1
github.com/Madhavkannank/fafa/src/constructors.go:135.68,136.32 1 1
github.com/Madhavkannank/fafa/src/constructors.go:136.32,141.4 4 1
github.com/Madhavkannank/fafa/src/constructors.go:141.9,143.4 1 0
github.com/Madhavkannank/fafa/src/constructors.go:144.3,144.37 1 1
github.com/Madhavkannank/fafa/src/constructors.go:147.2,147.27 1 1
github.com/Madhavkannank/fafa/src/divide.go:5.44,6.21 1 1
github.com/Madhavkannank/fafa/src/divide.go:6.21,8.3 1 1
github.com/Madhavkannank/fafa/src/divide.go:9.2,9.31 1 1
github.com/Madhavkannank/fafa/src/divide.go:9.31,11.3 1 1
github.com/Madhavkannank/fafa/src/divide.go:12.2,14.42 3 1
github.com/Madhavkannank/fafa/src/divide.go:14.42,15.19 1 1
github.com/Madhavkannank/fafa/src/divide.go:15.19,19.4 3 1
github.com/Madhavkannank/fafa/src/divide.go:20.3,22.30 3 1
github.com/Madhavkannank/fafa/src/divide.go:24.2,26.29 3 1
github.com/Madhavkannank/fafa/src/divide.go:31.47,32.21 1 1
github.com/Madhavkannank/fafa/src/divide.go:32.21,34.3 1 1
github.com/Madhavkannank/fafa/src/divide.go:35.2,35.31 1 1
github.com/Madhavkannank/fafa/src/divide.go:35.31,37.3 1 1
github.com/Madhavkannank/fafa/src/divide.go:38.2,39.42 2 1
github.com/Madhavkannank/fafa/src/divide.go:39.42,40.19 1 1
github.com/Madhavkannank/fafa/src/divide.go:40.19,42.4 1 1
github.com/Madhavkannank/fafa/src/divide.go:43.3,44.26 2 1
github.com/Madhavkannank/fafa/src/divide.go:44.26,46.4 1 1
github.com/Madhavkannank/fafa/src/divide.go:47.3,47.49 1 1
github.com/Madhavkannank/fafa/src/divide.go:49.2,51.30 3 1
github.com/Madhavkannank/fafa/src/divide.go:56.76,57.21 1 1
github.com/Madhavkannank/fafa/src/divide.go:57.21,59.3 1 1
github.com/Madhavkannank/fafa/src/divide.go:60.2,60.31 1 1
github.com/Madhavkannank/fafa/src/divide.go:60.31,62.3 1 1
github.com/Madhavkannank/fafa/src/divide.go:63.2,65.42 3 1
github.com/Madhavkannank/fafa/src/divide.go:65.42,66.19 1 1
github.com/Madhavkannank/fafa/src/divide.go:66.19,70.4 3 0
github.com/Madhavkannank/fafa/src/divide.go:71.3,76.20 6 1
github.com/Madhavkannank/fafa/src/divide.go:76.20,78.4 1 1
github.com/Madhavkannank/fafa/src/divide.go:78.9,80.4 1 1
github.com/Madhavkannank/fafa/src/divide.go:81.3,81.19 1 1
github.com/Madhavkannank/fafa/src/divide.go:83.2,88.18 6 1
github.com/Madhavkannank/fafa/src/divide.go:93.57,95.41 2 1
github.com/Madhavkannank/fafa/src/divide.go:95.41,98.3 2 1
github.com/Madhavkannank/fafa/src/divide.go:99.2,99.18 1 1
github.com/Madhavkannank/fafa/src/divide.go:104.76,105.21 1 1
github.com/Madhavkannank/fafa/src/divide.go:105.21,107.3 1 1
github.com/Madhavkannank/fafa/src/divide.go:108.2,109.41 2 1
github.com/Madhavkannank/fafa/src/divide.go:109.41,114.3 4 1
github.com/Madhavkannank/fafa/src/divide.go:115.2,115.17 1 1
github.com/Madhavkannank/fafa/src/divide.go:120.114,125.18 5 1
github.com/Madhavkannank/fafa/src/divide.go:125.18,127.3 1 1
github.com/Madhavkannank/fafa/src/divide.go:128.2,133.15 4 1
github.com/Madhavkannank/fafa/src/divide.go:133.15,135.3 1 1
github.com/Madhavkannank/fafa/src/divide.go:136.2,141.26 4 1
github.com/Madhavkannank/fafa/src/divide.go:141.26,145.17 3 1
github.com/Madhavkannank/fafa/src/divide.go:145.17,151.45 6 1
github.com/Madhavkannank/fafa/src/divide.go:151.45,154.22 3 1
github.com/Madhavkannank/fafa/src/divide.go:154.22,155.11 1 1
github.com/Madhavkannank/fafa/src/divide.go:161.3,163.13 3 1
github.com/Madhavkannank/fafa/src/divide.go:163.13,167.4 3 1
github.com/Madhavkannank/fafa/src/divide.go:169.3,169.19 1 1
github.com/Madhavkannank/fafa/src/divide.go:169.19,170.20 1 1
github.com/Madhavkannank/fafa/src/divide.go:170.20,172.5 1 1
github.com/Madhavkannank/fafa/src/divide.go:172.10,174.5 1 1
github.com/Madhavkannank/fafa/src/divide.go:178.2,178.19 1 1
github.com/Madhavkannank/fafa/src/divide.go:178.19,181.3 2 1
github.com/Madhavkannank/fafa/src/divide.go:182.2,182.18 1 1
github.com/Madhavkannank/fafa/src/divide.go:182.18,184.3 1 1
github.com/Madhavkannank/fafa/src/divide.go:185.2,185.28 1 1
github.com/Madhavkannank/fafa/src/divide.go:190.40,192.14 2 1
github.com/Madhavkannank/fafa/src/divide.go:192.14,194.3 1 0
github.com/Madhavkannank/fafa/src/divide.go:195.2,195.30 1 1
github.com/Madhavkannank/fafa/src/divide.go:195.30,197.3 1 1
github.com/Madhavkannank/fafa/src/divide.go:198.2,198.16 1 1
github.com/Madhavkannank/fafa/src/divide.go:203.42,204.32 1 1
github.com/Madhavkannank/fafa/src/divide.go:204.32,206.3 1 0
github.com/Madhavkannank/fafa/src/divide.go:207.2,207.53 1 1
github.com/Madhavkannank/fafa/src/divide.go:212.52,216.18 4 1
github.com/Madhavkannank/fafa/src/divide.go:216.18,218.3 1 1
github.com/Madhavkannank/fafa/src/divide.go:218.8,220.3 1 1
github.com/Madhavkannank/fafa/src/divide.go:221.2,221.33 1 1
github.com/Madhavkannank/fafa/src/divide.go:226.85,228.34 2 1
github.com/Madhavkannank/fafa/src/divide.go:228.34,232.3 3 1
github.com/Madhavkannank/fafa/src/divide.go:233.2,233.14 1 1
github.com/Madhavkannank/fafa/src/divide.go:238.88,242.27 4 1
github.com/Madhavkannank/fafa/src/divide.go:242.27,247.28 5 1
github.com/Madhavkannank/fafa/src/divide.go:247.28,255.4 7 1
github.com/Madhavkannank/fafa/src/divide.go:256.3,261.28 6 1
github.com/Madhavkannank/fafa/src/divide.go:261.28,266.4 4 1
github.com/Madhavkannank/fafa/src/divide.go:267.8,270.27 3 1
github.com/Madhavkannank/fafa/src/divide.go:270.27,278.4 7 1
github.com/Madhavkannank/fafa/src/divide.go:279.3,284.28 6 1
github.com/Madhavkannank/fafa/src/divide.go:284.28,287.4 2 1
github.com/Madhavkannank/fafa/src/divide.go:288.3,288.67 1 1
github.com/Madhavkannank/fafa/src/divide.go:290.2,290.15 1 1
github.com/Madhavkannank/fafa/src/divide.go:295.47,296.16 1 1
github.com/Madhavkannank/fafa/src/divide.go:296.16,298.3 1 1
github.com/Madhavkannank/fafa/src/divide.go:299.2,301.28 3 1
github.com/Madhavkannank/fafa/src/divide.go:301.28,305.3 3 1
github.com/Madhavkannank/fafa/src/divide.go:306.2,306.25 1 1
github.com/Madhavkannank/fafa/src/divide.go:311.67,315.16 4 1
github.com/Madhavkannank/fafa/src/divide.go:315.16,316.26 1 1
github.com/Madhavkannank/fafa/src/divide.go:316.26,318.4 1 1
github.com/Madhavkannank/fafa/src/divide.go:319.3,319.19 1 1
github.com/Madhavkannank/fafa/src/divide.go:319.19,321.4 1 1
github.com/Madhavkannank/fafa/src/divide.go:322.3,322.16 1 1
github.com/Madhavkannank/fafa/src/divide.go:324.2,325.25 2 1
github.com/Madhavkannank/fafa/src/divide.go:325.25,329.3 3 1
github.com/Madhavkannank/fafa/src/divide.go:330.2,330.18 1 1
github.com/Madhavkannank/fafa/src/divide.go:330.18,332.3 1 1
github.com/Madhavkannank/fafa/src/divide.go:333.2,333.15 1 1
github.com/Madhavkannank/fafa/src/divide.go:338.30,340.2 1 1
github.com/Madhavkannank/fafa/src/fromString.go:17.32,18.28 1 1
github.com/Madhavkannank/fafa/src/fromString.go:18.28,20.3 1 1
github.com/Madhavkannank/fafa/src/fromString.go:21.2,21.58 1 1
github.com/Madhavkannank/fafa/src/fromString.go:21.58,23.3 1 1
github.com/Madhavkannank/fafa/src/fromString.go:24.2,24.32 1 1
github.com/Madhavkannank/fafa/src/fromString.go:24.32,26.3 1 0
github.com/Madhavkannank/fafa/src/fromString.go:27.2,27.77 1 1
github.com/Madhavkannank/fafa/src/fromString.go:27.77,29.3 1 0
github.com/Madhavkannank/fafa/src/fromString.go:30.2,30.14 1 1
github.com/Madhavkannank/fafa/src/fromString.go:34.55,35.45 1 1
github.com/Madhavkannank/fafa/src/fromString.go:35.45,37.3 1 1
github.com/Madhavkannank/fafa/src/fromString.go:38.2,42.22 4 1
github.com/Madhavkannank/fafa/src/fromString.go:42.22,44.3 1 0
github.com/Madhavkannank/fafa/src/fromString.go:47.2,47.53 1 1
github.com/Madhavkannank/fafa/src/fromString.go:47.53,49.3 1 1
github.com/Madhavkannank/fafa/src/fromString.go:50.2,50.22 1 1
github.com/Madhavkannank/fafa/src/fromString.go:50.22,52.3 1 0
github.com/Madhavkannank/fafa/src/fromString.go:54.2,58.20 3 1
github.com/Madhavkannank/fafa/src/fromString.go:58.20,60.23 2 1
github.com/Madhavkannank/fafa/src/fromString.go:60.23,62.4 1 1
github.com/Madhavkannank/fafa/src/fromString.go:63.3,64.11 2 1
github.com/Madhavkannank/fafa/src/fromString.go:65.8,65.27 1 1
github.com/Madhavkannank/fafa/src/fromString.go:65.27,67.23 2 1
github.com/Madhavkannank/fafa/src/fromString.go:67.23,69.4 1 1
github.com/Madhavkannank/fafa/src/fromString.go:70.3,71.12 2 1
github.com/Madhavkannank/fafa/src/fromString.go:75.2,75.16 1 1
github.com/Madhavkannank/fafa/src/fromString.go:75.16,77.21 2 1
github.com/Madhavkannank/fafa/src/fromString.go:77.21,79.24 2 1
github.com/Madhavkannank/fafa/src/fromString.go:79.24,81.5 1 1
github.com/Madhavkannank/fafa/src/fromString.go:82.4,83.40 2 1
github.com/Madhavkannank/fafa/src/fromString.go:83.40,86.25 3 1
github.com/Madhavkannank/fafa/src/fromString.go:86.25,88.6 1 1
github.com/Madhavkannank/fafa/src/fromString.go:89.5,89.28 1 1
github.com/Madhavkannank/fafa/src/fromString.go:90.10,90.47 1 1
github.com/Madhavkannank/fafa/src/fromString.go:90.47,93.25 3 1
github.com/Madhavkannank/fafa/src/fromString.go:93.25,95.6 1 0
github.com/Madhavkannank/fafa/src/fromString.go:96.5,96.28 1 1
github.com/Madhavkannank/fafa/src/fromString.go:97.10,97.47 1 1
github.com/Madhavkannank/fafa/src/fromString.go:97.47,100.25 3 1
github.com/Madhavkannank/fafa/src/fromString.go:100.25,102.6 1 0
github.com/Madhavkannank/fafa/src/fromString.go:103.5,103.28 1 1
github.com/Madhavkannank/fafa/src/fromString.go:106.8,106.24 1 1
github.com/Madhavkannank/fafa/src/fromString.go:106.24,107.21 1 1
github.com/Madhavkannank/fafa/src/fromString.go:107.21,109.24 2 0
github.com/Madhavkannank/fafa/src/fromString.go:109.24,111.5 1 0
github.com/Madhavkannank/fafa/src/fromString.go:112.4,113.40 2 0
github.com/Madhavkannank/fafa/src/fromString.go:113.40,115.25 2 0
github.com/Madhavkannank/fafa/src/fromString.go:115.25,117.6 1 0
github.com/Madhavkannank/fafa/src/fromString.go:118.5,118.28 1 0
github.com/Madhavkannank/fafa/src/fromString.go:123.2,123.30 1 1
github.com/Madhavkannank/fafa/src/fromString.go:123.30,125.3 1 1
github.com/Madhavkannank/fafa/src/fromString.go:128.2,128.21 1 1
github.com/Madhavkannank/fafa/src/fromString.go:128.21,130.23 2 1
github.com/Madhavkannank/fafa/src/fromString.go:130.23,132.4 1 1
github.com/Madhavkannank/fafa/src/fromString.go:133.3,133.26 1 0
github.com/Madhavkannank/fafa/src/fromString.go:136.2,139.47 4 1
github.com/Madhavkannank/fafa/src/fromString.go:139.47,141.3 1 0
github.com/Madhavkannank/fafa/src/fromString.go:142.2,144.22 3 1
github.com/Madhavkannank/fafa/src/fromString.go:144.22,146.3 1 0
github.com/Madhavkannank/fafa/src/fromString.go:147.2,150.19 3 1
github.com/Madhavkannank/fafa/src/fromString.go:150.19,152.3 1 1
github.com/Madhavkannank/fafa/src/fromString.go:153.2,154.16 2 1
github.com/Madhavkannank/fafa/src/fromString.go:154.16,156.3 1 1
github.com/Madhavkannank/fafa/src/fromString.go:158.2,158.32 1 1
github.com/Madhavkannank/fafa/src/fromString.go:158.32,164.13 5 1
github.com/Madhavkannank/fafa/src/fromString.go:164.13,167.8 3 1
github.com/Madhavkannank/fafa/src/fromString.go:167.8,170.24 3 1
github.com/Madhavkannank/fafa/src/fromString.go:170.24,172.6 1 1
github.com/Madhavkannank/fafa/src/fromString.go:172.11,172.36 1 1
github.com/Madhavkannank/fafa/src/fromString.go:172.36,174.6 1 1
github.com/Madhavkannank/fafa/src/fromString.go:174.11,176.11 2 0
github.com/Madhavkannank/fafa/src/fromString.go:178.5,181.25 4 1
github.com/Madhavkannank/fafa/src/fromString.go:181.25,183.11 2 1
github.com/Madhavkannank/fafa/src/fromString.go:185.5,186.30 2 1
github.com/Madhavkannank/fafa/src/fromString.go:186.30,187.11 1 1
github.com/Madhavkannank/fafa/src/fromString.go:190.4,191.39 2 1
github.com/Madhavkannank/fafa/src/fromString.go:193.3,193.42 1 1
github.com/Madhavkannank/fafa/src/fromString.go:194.8,198.13 3 1
github.com/Madhavkannank/fafa/src/fromString.go:198.13,201.8 3 1
github.com/Madhavkannank/fafa/src/fromString.go:201.8,204.24 3 1
github.com/Madhavkannank/fafa/src/fromString.go:204.24,206.6 1 1
github.com/Madhavkannank/fafa/src/fromString.go:206.11,206.36 1 1
github.com/Madhavkannank/fafa/src/fromString.go:206.36,208.6 1 1
github.com/Madhavkannank/fafa/src/fromString.go:208.11,210.11 2 1
github.com/Madhavkannank/fafa/src/fromString.go:212.5,213.23 2 1
github.com/Madhavkannank/fafa/src/fromString.go:213.23,214.11 1 1
github.com/Madhavkannank/fafa/src/fromString.go:216.5,220.25 5 1
github.com/Madhavkannank/fafa/src/fromString.go:220.25,222.11 2 1
github.com/Madhavkannank/fafa/src/fromString.go:224.5,224.28 1 1
github.com/Madhavkannank/fafa/src/fromString.go:226.4,228.61 3 1
github.com/Madhavkannank/fafa/src/fromString.go:232.2,232.21 1 1
github.com/Madhavkannank/fafa/src/fromString.go:232.21,233.29 1 1
github.com/Madhavkannank/fafa/src/fromString.go:233.29,235.4 1 1
github.com/Madhavkannank/fafa/src/fromString.go:236.3,236.43 1 1
github.com/Madhavkannank/fafa/src/fromString.go:236.43,237.36 1 1
github.com/Madhavkannank/fafa/src/fromString.go:237.36,239.5 1 0
github.com/Madhavkannank/fafa/src/fromString.go:243.2,244.27 2 1
github.com/Madhavkannank/fafa/src/fromString.go:247.72,251.39 4 1
github.com/Madhavkannank/fafa/src/fromString.go:251.39,256.24 5 1
github.com/Madhavkannank/fafa/src/fromString.go:256.24,261.4 4 1
github.com/Madhavkannank/fafa/src/fromString.go:261.9,261.30 1 1
github.com/Madhavkannank/fafa/src/fromString.go:261.30,266.4 4 1
github.com/Madhavkannank/fafa/src/fromString.go:268.2,268.16 1 1
github.com/Madhavkannank/fafa/src/fromString.go:268.16,271.3 2 1
github.com/Madhavkannank/fafa/src/fromString.go:272.2,272.38 1 1
github.com/Madhavkannank/fafa/src/fromString.go:272.38,275.3 2 1
github.com/Madhavkannank/fafa/src/fromString.go:278.92,279.36 1 1
github.com/Madhavkannank/fafa/src/fromString.go:279.36,281.3 1 0
github.com/Madhavkannank/fafa/src/fromString.go:282.2,283.49 2 1
github.com/Madhavkannank/fafa/src/fromString.go:283.49,287.3 3 1
github.com/Madhavkannank/fafa/src/multiply.go:5.37,6.21 1 1
github.com/Madhavkannank/fafa/src/multiply.go:6.21,8.3 1 1
github.com/Madhavkannank/fafa/src/multiply.go:9.2,9.21 1 1
github.com/Madhavkannank/fafa/src/multiply.go:9.21,11.3 1 1
github.com/Madhavkannank/fafa/src/multiply.go:12.2,13.41 2 1
github.com/Madhavkannank/fafa/src/multiply.go:13.41,15.3 1 1
github.com/Madhavkannank/fafa/src/multiply.go:16.2,17.34 2 1
github.com/Madhavkannank/fafa/src/multiply.go:17.34,19.3 1 1
github.com/Madhavkannank/fafa/src/multiply.go:20.2,20.22 1 1
github.com/Madhavkannank/fafa/src/multiply.go:25.109,26.21 1 1
github.com/Madhavkannank/fafa/src/multiply.go:26.21,28.3 1 1
github.com/Madhavkannank/fafa/src/multiply.go:29.2,33.45 5 1
github.com/Madhavkannank/fafa/src/multiply.go:33.45,50.3 16 1
github.com/Madhavkannank/fafa/src/multiply.go:51.2,51.30 1 1
github.com/Madhavkannank/fafa/src/multiply.go:51.30,58.3 6 1
github.com/Madhavkannank/fafa/src/multiply.go:63.96,67.25 4 1
github.com/Madhavkannank/fafa/src/multiply.go:67.25,82.3 14 1
github.com/Madhavkannank/fafa/src/multiply.go:83.2,83.27 1 1
github.com/Madhavkannank/fafa/src/shift.go:6.35,7.20 1 1
github.com/Madhavkannank/fafa/src/shift.go:7.20,9.3 1 1
github.com/Madhavkannank/fafa/src/shift.go:10.2,11.26 2 1
github.com/Madhavkannank/fafa/src/shift.go:11.26,13.3 1 0
github.com/Madhavkannank/fafa/src/shift.go:14.2,14.17 1 1
github.com/Madhavkannank/fafa/src/shift.go:18.45,19.10 1 1
github.com/Madhavkannank/fafa/src/shift.go:19.10,21.3 1 1
github.com/Madhavkannank/fafa/src/shift.go:22.2,22.15 1 1
github.com/Madhavkannank/fafa/src/shift.go:27.57,29.15 2 1
github.com/Madhavkannank/fafa/src/shift.go:29.15,31.3 1 1
github.com/Madhavkannank/fafa/src/shift.go:32.2,37.68 5 1
github.com/Madhavkannank/fafa/src/shift.go:37.68,39.3 1 1
github.com/Madhavkannank/fafa/src/shift.go:41.2,42.10 2 1
github.com/Madhavkannank/fafa/src/shift.go:42.10,44.3 1 1
github.com/Madhavkannank/fafa/src/shift.go:46.2,48.20 2 1
github.com/Madhavkannank/fafa/src/shift.go:48.20,49.35 1 1
github.com/Madhavkannank/fafa/src/shift.go:49.35,51.4 1 1
github.com/Madhavkannank/fafa/src/shift.go:52.3,52.46 1 1
github.com/Madhavkannank/fafa/src/shift.go:52.46,54.4 1 1
github.com/Madhavkannank/fafa/src/shift.go:55.8,57.35 2 1
github.com/Madhavkannank/fafa/src/shift.go:57.35,59.4 1 1
github.com/Madhavkannank/fafa/src/shift.go:60.3,60.31 1 1
github.com/Madhavkannank/fafa/src/shift.go:60.31,64.4 3 1
github.com/Madhavkannank/fafa/src/shift.go:65.3,65.11 1 1
github.com/Madhavkannank/fafa/src/shift.go:65.11,67.4 1 1
github.com/Madhavkannank/fafa/src/shift.go:70.2,70.27 1 1
github.com/Madhavkannank/fafa/src/shift.go:74.49,78.15 4 1
github.com/Madhavkannank/fafa/src/shift.go:78.15,80.3 1 0
github.com/Madhavkannank/fafa/src/shift.go:81.2,84.23 4 1
github.com/Madhavkannank/fafa/src/shift.go:84.23,86.3 1 1
github.com/Madhavkannank/fafa/src/shift.go:88.2,89.10 2 1
github.com/Madhavkannank/fafa/src/shift.go:89.10,91.40 2 1
github.com/Madhavkannank/fafa/src/shift.go:91.40,93.4 1 1
github.com/Madhavkannank/fafa/src/shift.go:93.9,94.36 1 0
github.com/Madhavkannank/fafa/src/shift.go:94.36,95.24 1 0
github.com/Madhavkannank/fafa/src/shift.go:95.24,97.11 2 0
github.com/Madhavkannank/fafa/src/shift.go:103.2,103.37 1 1
github.com/Madhavkannank/fafa/src/shift.go:103.37,106.26 3 0
github.com/Madhavkannank/fafa/src/shift.go:106.26,108.4 1 0
github.com/Madhavkannank/fafa/src/shift.go:111.2,113.20 2 1
github.com/Madhavkannank/fafa/src/shift.go:113.20,115.40 2 0
github.com/Madhavkannank/fafa/src/shift.go:115.40,117.4 1 0
github.com/Madhavkannank/fafa/src/shift.go:118.8,121.29 3 1
github.com/Madhavkannank/fafa/src/shift.go:121.29,125.4 3 1
github.com/Madhavkannank/fafa/src/shift.go:126.3,126.31 1 1
github.com/Madhavkannank/fafa/src/shift.go:129.2,129.19 1 1
github.com/Madhavkannank/fafa/src/shift.go:129.19,131.3 1 1
github.com/Madhavkannank/fafa/src/shift.go:133.2,133.22 1 1
github.com/Madhavkannank/fafa/src/shift.go:137.47,138.40 1 1
github.com/Madhavkannank/fafa/src/shift.go:138.40,140.3 1 1
github.com/Madhavkannank/fafa/src/shift.go:141.2,141.14 1 1
github.com/Madhavkannank/fafa/src/shift.go:141.14,143.3 1 1
github.com/Madhavkannank/fafa/src/shift.go:144.2,144.34 1 1
github.com/Madhavkannank/fafa/src/shift.go:148.54,149.40 1 1
github.com/Madhavkannank/fafa/src/shift.go:149.40,151.3 1 1
github.com/Madhavkannank/fafa/src/shift.go:152.2,152.14 1 1
github.com/Madhavkannank/fafa/src/shift.go:152.14,154.3 1 1
github.com/Madhavkannank/fafa/src/shift.go:155.2,155.40 1 1
github.com/Madhavkannank/fafa/src/shift.go:159.56,161.2 1 1
github.com/Madhavkannank/fafa/src/tostring.go:13.50,14.14 1 1
github.com/Madhavkannank/fafa/src/tostring.go:14.14,16.3 1 1
github.com/Madhavkannank/fafa/src/tostring.go:17.2,17.21 1 1
github.com/Madhavkannank/fafa/src/tostring.go:17.21,21.3 3 1
github.com/Madhavkannank/fafa/src/tostring.go:22.2,22.21 1 1
github.com/Madhavkannank/fafa/src/tostring.go:22.21,24.3 1 1
github.com/Madhavkannank/fafa/src/tostring.go:26.2,26.40 1 1
github.com/Madhavkannank/fafa/src/tostring.go:26.40,27.38 1 1
github.com/Madhavkannank/fafa/src/tostring.go:27.38,29.4 1 0
github.com/Madhavkannank/fafa/src/tostring.go:30.3,30.23 1 1
github.com/Madhavkannank/fafa/src/tostring.go:33.2,33.20 1 1
github.com/Madhavkannank/fafa/src/tostring.go:33.20,35.3 1 0
github.com/Madhavkannank/fafa/src/tostring.go:36.2,37.19 2 1
github.com/Madhavkannank/fafa/src/tostring.go:37.19,39.3 1 1
github.com/Madhavkannank/fafa/src/tostring.go:40.2,40.37 1 1
github.com/Madhavkannank/fafa/src/tostring.go:40.37,42.3 1 0
github.com/Madhavkannank/fafa/src/tostring.go:44.2,44.40 1 1
github.com/Madhavkannank/fafa/src/tostring.go:44.40,51.3 6 1
github.com/Madhavkannank/fafa/src/tostring.go:53.2,55.25 3 1
github.com/Madhavkannank/fafa/src/tostring.go:55.25,57.3 1 1
github.com/Madhavkannank/fafa/src/tostring.go:58.2,59.38 2 1
github.com/Madhavkannank/fafa/src/tostring.go:59.38,61.26 2 1
github.com/Madhavkannank/fafa/src/tostring.go:61.26,62.21 1 1
github.com/Madhavkannank/fafa/src/tostring.go:62.21,64.5 1 1
github.com/Madhavkannank/fafa/src/tostring.go:64.10,66.5 1 1
github.com/Madhavkannank/fafa/src/tostring.go:69.2,69.20 1 1
github.com/Madhavkannank/fafa/src/tostring.go:74.53,75.29 1 1
github.com/Madhavkannank/fafa/src/tostring.go:75.29,77.3 1 1
github.com/Madhavkannank/fafa/src/tostring.go:78.2,78.21 1 1
github.com/Madhavkannank/fafa/src/tostring.go:78.21,80.3 1 1
github.com/Madhavkannank/fafa/src/tostring.go:81.2,81.32 1 1
github.com/Madhavkannank/fafa/src/tostring.go:81.32,83.3 1 1
github.com/Madhavkannank/fafa/src/tostring.go:84.2,84.41 1 1
github.com/Madhavkannank/fafa/src/tostring.go:89.67,97.14 8 1
github.com/Madhavkannank/fafa/src/tostring.go:97.14,99.3 1 1
github.com/Madhavkannank/fafa/src/tostring.go:100.2,100.31 1 1
github.com/Madhavkannank/fafa/src/tostring.go:100.31,102.3 1 0
github.com/Madhavkannank/fafa/src/tostring.go:103.2,108.32 5 1
github.com/Madhavkannank/fafa/src/tostring.go:108.32,116.36 8 1
github.com/Madhavkannank/fafa/src/tostring.go:116.36,121.4 4 1
github.com/Madhavkannank/fafa/src/tostring.go:124.2,128.17 5 1
github.com/Madhavkannank/fafa/src/tostring.go:128.17,132.3 3 1
github.com/Madhavkannank/fafa/src/tostring.go:133.2,133.14 1 1
github.com/Madhavkannank/fafa/src/tostring.go:133.14,136.3 2 1
github.com/Madhavkannank/fafa/src/tostring.go:137.2,137.15 1 1
github.com/Madhavkannank/fafa/src/tostring.go:137.15,139.3 1 0
github.com/Madhavkannank/fafa/src/tostring.go:140.2,140.28 1 1
github.com/Madhavkannank/fafa/src/tostring.go:145.82,147.17 2 1
github.com/Madhavkannank/fafa/src/tostring.go:147.17,149.3 1 1
github.com/Madhavkannank/fafa/src/tostring.go:150.2,150.17 1 1
github.com/Madhavkannank/fafa/src/tostring.go:150.17,152.35 2 1
github.com/Madhavkannank/fafa/src/tostring.go:152.35,154.4 1 1
github.com/Madhavkannank/fafa/src/tostring.go:155.3,155.21 1 1
github.com/Madhavkannank/fafa/src/tostring.go:158.2,173.16 13 1
github.com/Madhavkannank/fafa/src/tostring.go:173.16,175.3 1 0
github.com/Madhavkannank/fafa/src/tostring.go:177.2,181.50 4 1
github.com/Madhavkannank/fafa/src/tostring.go:181.50,185.42 3 0
github.com/Madhavkannank/fafa/src/tostring.go:185.42,189.4 3 0
github.com/Madhavkannank/fafa/src/tostring.go:190.3,190.60 1 0
github.com/Madhavkannank/fafa/src/tostring.go:191.8,197.17 5 1
github.com/Madhavkannank/fafa/src/tostring.go:197.17,199.4 1 0
github.com/Madhavkannank/fafa/src/tostring.go:201.2,203.16 3 1
github.com/Madhavkannank/fafa/src/tostring.go:203.16,205.3 1 0
github.com/Madhavkannank/fafa/src/tostring.go:207.2,207.40 1 1
github.com/Madhavkannank/fafa/src/tostring.go:207.40,209.3 1 1
github.com/Madhavkannank/fafa/src/tostring.go:210.2,210.34 1 1
github.com/Madhavkannank/fafa/src/tostring.go:210.34,212.3 1 1
github.com/Madhavkannank/fafa/src/tostring.go:213.2,213.36 1 1
github.com/Madhavkannank/fafa/src/truncation.go:5.48,9.28 4 1
github.com/Madhavkannank/fafa/src/truncation.go:9.28,11.3 1 1
github.com/Madhavkannank/fafa/src/truncation.go:12.2,13.23 2 1
github.com/Madhavkannank/fafa/src/truncation.go:13.23,15.3 1 1
github.com/Madhavkannank/fafa/src/truncation.go:16.2,16.15 1 1
github.com/Madhavkannank/fafa/src/truncation.go:16.15,19.3 2 1
github.com/Madhavkannank/fafa/src/truncation.go:20.2,21.22 2 1
github.com/Madhavkannank/fafa/src/truncation.go:26.78,33.24 7 1
github.com/Madhavkannank/fafa/src/truncation.go:33.24,35.3 1 1
github.com/Madhavkannank/fafa/src/truncation.go:36.2,36.23 1 1
github.com/Madhavkannank/fafa/src/truncation.go:36.23,40.3 3 1
github.com/Madhavkannank/fafa/src/truncation.go:41.2,41.22 1 1
github.com/Madhavkannank/fafa/src/truncation.go:41.22,43.3 1 1
github.com/Madhavkannank/fafa/src/truncation.go:44.2,45.23 2 1
github.com/Madhavkannank/fafa/src/truncation.go:45.23,47.3 1 1
github.com/Madhavkannank/fafa/src/truncation.go:48.2,50.26 3 1
github.com/Madhavkannank/fafa/src/truncation.go:50.26,53.3 2 1
github.com/Madhavkannank/fafa/src/truncation.go:53.8,59.3 5 1
github.com/Madhavkannank/fafa/src/truncation.go:60.2,61.22 2 1
github.com/Madhavkannank/fafa/src/truncation.go:66.48,67.33 1 1
github.com/Madhavkannank/fafa/src/truncation.go:67.33,69.3 1 1
github.com/Madhavkannank/fafa/src/truncation.go:70.2,70.11 1 1
github.com/Madhavkannank/fafa/src/truncation.go:70.11,72.3 1 1
github.com/Madhavkannank/fafa/src/truncation.go:73.2,73.12 1 1
github.com/Madhavkannank/fafa/src/truncation.go:73.12,75.3 1 1
github.com/Madhavkannank/fafa/src/truncation.go:77.2,77.25 1 1
github.com/Madhavkannank/fafa/src/truncation.go:77.25,79.3 1 0
github.com/Madhavkannank/fafa/src/truncation.go:80.2,81.31 2 1
github.com/Madhavkannank/fafa/src/truncation.go:81.31,83.3 1 1
github.com/Madhavkannank/fafa/src/truncation.go:84.2,86.59 3 1
github.com/Madhavkannank/fafa/src/truncation.go:86.59,88.3 1 1
github.com/Madhavkannank/fafa/src/truncation.go:89.2,90.13 2 1
github.com/Madhavkannank/fafa/src/truncation.go:90.13,92.3 1 1
github.com/Madhavkannank/fafa/src/truncation.go:93.2,93.15 1 1
github.com/Madhavkannank/fafa/src/truncation.go:93.15,95.3 1 1
github.com/Madhavkannank/fafa/src/truncation.go:96.2,96.42 1 1
github.com/Madhavkannank/fafa/src/truncation.go:96.42,97.42 1 1
github.com/Madhavkannank/fafa/src/truncation.go:97.42,98.23 1 1
github.com/Madhavkannank/fafa/src/truncation.go:98.23,100.5 1 1
github.com/Madhavkannank/fafa/src/truncation.go:102.3,102.61 1 1
github.com/Madhavkannank/fafa/src/truncation.go:102.61,104.4 1 1
github.com/Madhavkannank/fafa/src/truncation.go:105.3,105.36 1 1
github.com/Madhavkannank/fafa/src/truncation.go:107.2,107.55 1 1
github.com/Madhavkannank/fafa/src/truncation.go:112.49,113.33 1 1
github.com/Madhavkannank/fafa/src/truncation.go:113.33,115.3 1 1
github.com/Madhavkannank/fafa/src/truncation.go:116.2,116.11 1 1
github.com/Madhavkannank/fafa/src/truncation.go:116.11,118.3 1 1
github.com/Madhavkannank/fafa/src/truncation.go:119.2,119.12 1 1
github.com/Madhavkannank/fafa/src/truncation.go:119.12,121.3 1 1
github.com/Madhavkannank/fafa/src/truncation.go:123.2,123.14 1 1
github.com/Madhavkannank/fafa/src/truncation.go:123.14,124.29 1 1
github.com/Madhavkannank/fafa/src/truncation.go:124.29,126.4 1 1
github.com/Madhavkannank/fafa/src/truncation.go:127.3,127.56 1 1
github.com/Madhavkannank/fafa/src/truncation.go:130.2,130.25 1 1
github.com/Madhavkannank/fafa/src/truncation.go:130.25,132.3 1 0
github.com/Madhavkannank/fafa/src/truncation.go:133.2,134.31 2 1
github.com/Madhavkannank/fafa/src/truncation.go:134.31,136.3 1 1
github.com/Madhavkannank/fafa/src/truncation.go:137.2,138.32 2 1
github.com/Madhavkannank/fafa/src/truncation.go:138.32,139.26 1 1
github.com/Madhavkannank/fafa/src/truncation.go:139.26,141.4 1 1
github.com/Madhavkannank/fafa/src/truncation.go:142.3,143.40 2 1
github.com/Madhavkannank/fafa/src/truncation.go:143.40,145.4 1 1
github.com/Madhavkannank/fafa/src/truncation.go:147.2,147.35 1 1
